// Jest Snapshot v1, https://goo.gl/fbAQLP

exports[`matches snapshot 1`] = `
<DocumentFragment>
  <div
    class="Box"
  >
    <div
      class="Box-box"
      style="width: 200px; height: 100px; background-color: indigo;"
    />
    <button
      class="Box-btn"
    >
      X
    </button>
  </div>
</DocumentFragment>
`;
